#-----------------------------------------------------------
# Vivado v2025.1 (64-bit)
# SW Build 6140274 on Thu May 22 00:12:29 MDT 2025
# IP Build 6138677 on Thu May 22 03:10:11 MDT 2025
# SharedData Build 6139179 on Tue May 20 17:58:58 MDT 2025
# Start of session at: Tue Jan 20 13:36:41 2026
# Process ID         : 24524
# Current directory  : C:/Users/david/Documents/GitHub/SED_FPGA_G12/Proyecto_FPGA_G12
# Command line       : vivado.exe -gui_launcher_event rodinguilauncherevent12704 C:\Users\david\Documents\GitHub\SED_FPGA_G12\Proyecto_FPGA_G12\Proyecto_FPGA_G12.xpr
# Log file           : C:/Users/david/Documents/GitHub/SED_FPGA_G12/Proyecto_FPGA_G12/vivado.log
# Journal file       : C:/Users/david/Documents/GitHub/SED_FPGA_G12/Proyecto_FPGA_G12\vivado.jou
# Running On         : David5070
# Platform           : Windows Server 2016 or Windows 10
# Operating System   : 26200
# Processor Detail   : Intel(R) Core(TM) i7-14700F
# CPU Frequency      : 2112 MHz
# CPU Physical cores : 20
# CPU Logical cores  : 28
# Host memory        : 34200 MB
# Swap memory        : 2147 MB
# Total Virtual      : 36347 MB
# Available Virtual  : 22716 MB
#-----------------------------------------------------------
start_gui
open_project C:/Users/david/Documents/GitHub/SED_FPGA_G12/Proyecto_FPGA_G12/Proyecto_FPGA_G12.xpr
update_compile_order -fileset sources_1
